[ingenioushubs.com/Travel/demo/index.html]
[backblue.gif]
[fade.gif]
[index.html]
[ingenioushubs.com/Travel/demo/images/favicon.png]
[ingenioushubs.com/Travel/demo/font/flaticon.css]
[ingenioushubs.com/Travel/demo/css/all.min.css]
[ingenioushubs.com/Travel/demo/css/animate.min.css]
[ingenioushubs.com/Travel/demo/css/dd.css]
[ingenioushubs.com/Travel/demo/css/jquery-ui.min.css]
[ingenioushubs.com/Travel/demo/css/slick.css]
[ingenioushubs.com/Travel/demo/css/bootstrap.min.css]
[ingenioushubs.com/Travel/demo/css/style-1.css]
[ingenioushubs.com/Travel/demo/css/responsive-1.css]
[ingenioushubs.com/Travel/demo/images/white.gif]
[ingenioushubs.com/Travel/demo/images/header-logo.png]
[ingenioushubs.com/Travel/demo/popular.html]
[ingenioushubs.com/Travel/demo/blog.html]
[ingenioushubs.com/Travel/demo/tourpackage.html]
[ingenioushubs.com/Travel/demo/about-us.html]
[ingenioushubs.com/Travel/demo/404-page.html]
[ingenioushubs.com/Travel/demo/images/about-image-1.jpg]
[ingenioushubs.com/Travel/demo/images/about-image-2.jpg]
[ingenioushubs.com/Travel/demo/images/popular-destination-1.jpg]
[ingenioushubs.com/Travel/demo/images/popular-destination-2.jpg]
[ingenioushubs.com/Travel/demo/images/popular-destination-3.jpg]
[ingenioushubs.com/Travel/demo/images/popular-destination-4.jpg]
[ingenioushubs.com/Travel/demo/images/popular-destination-5.jpg]
[ingenioushubs.com/Travel/demo/images/popular-destination-6.jpg]
[ingenioushubs.com/Travel/demo/images/popular-destination-7.jpg]
[ingenioushubs.com/Travel/demo/images/popular-destination-8.jpg]
[ingenioushubs.com/Travel/demo/images/popular-destination-9.jpg]
[ingenioushubs.com/Travel/demo/images/popular-destination-10.jpg]
[ingenioushubs.com/Travel/demo/images/popular-destination-11.jpg]
[ingenioushubs.com/Travel/demo/images/popular-destination-12.jpg]
[ingenioushubs.com/Travel/demo/images/tour-package-1.jpg]
[ingenioushubs.com/Travel/demo/images/tour-package-2.jpg]
[ingenioushubs.com/Travel/demo/images/tour-package-3.jpg]
[ingenioushubs.com/Travel/demo/images/testimonial-1.png]
[ingenioushubs.com/Travel/demo/images/testimonial-2.png]
[ingenioushubs.com/Travel/demo/images/artical-image-1.jpg]
[ingenioushubs.com/Travel/demo/images/artical-image-2.jpg]
[ingenioushubs.com/Travel/demo/images/footer-logo.png]
[ingenioushubs.com/Travel/demo/js/jquery-3.2.1.min.js]
[ingenioushubs.com/Travel/demo/js/popper.min.js]
[ingenioushubs.com/Travel/demo/js/jquery-migrate-3.0.0.min.js]
[ingenioushubs.com/Travel/demo/js/bootstrap.min.js]
[ingenioushubs.com/Travel/demo/js/jquery.counterup.min.js]
[ingenioushubs.com/Travel/demo/js/jquery-ui.min.js]
[ingenioushubs.com/Travel/demo/js/jquery.dd.min.js]
[ingenioushubs.com/Travel/demo/js/mixitup.min.js]
[ingenioushubs.com/Travel/demo/js/slick.min.js]
[ingenioushubs.com/Travel/demo/js/SmoothScroll.js]
[ingenioushubs.com/Travel/demo/index.html]
[ingenioushubs.com/Travel/demo/js/script.js]
[ingenioushubs.com/Travel/demo/font/Flaticon.eot]
[ingenioushubs.com/Travel/demo/font/Flaticond41d.eot]
[ingenioushubs.com/Travel/demo/font/Flaticon.woff2]
[ingenioushubs.com/Travel/demo/font/Flaticon.woff]
[ingenioushubs.com/Travel/demo/font/Flaticon.ttf]
[ingenioushubs.com/Travel/demo/font/flaticon.css]
[ingenioushubs.com/Travel/demo/font/Flaticon.svg]
[ingenioushubs.com/Travel/demo/webfonts/fa-brands-400d41d.eot]
[ingenioushubs.com/Travel/demo/webfonts/fa-brands-400.eot]
[ingenioushubs.com/Travel/demo/webfonts/fa-brands-400.woff2]
[ingenioushubs.com/Travel/demo/webfonts/fa-brands-400.woff]
[ingenioushubs.com/Travel/demo/webfonts/fa-brands-400.ttf]
[ingenioushubs.com/Travel/demo/webfonts/fa-regular-400.eot]
[ingenioushubs.com/Travel/demo/webfonts/fa-regular-400d41d.eot]
[ingenioushubs.com/Travel/demo/webfonts/fa-regular-400.woff2]
[ingenioushubs.com/Travel/demo/webfonts/fa-regular-400.woff]
[ingenioushubs.com/Travel/demo/webfonts/fa-regular-400.ttf]
[ingenioushubs.com/Travel/demo/webfonts/fa-solid-900.eot]
[ingenioushubs.com/Travel/demo/webfonts/fa-solid-900.woff2]
[ingenioushubs.com/Travel/demo/webfonts/fa-solid-900.woff]
[ingenioushubs.com/Travel/demo/webfonts/fa-solid-900d41d.eot]
[ingenioushubs.com/Travel/demo/css/all.min.css]
[ingenioushubs.com/Travel/demo/css/animate.min.css]
[ingenioushubs.com/Travel/demo/webfonts/fa-solid-900.ttf]
[ingenioushubs.com/Travel/demo/css/dd.css]
[ingenioushubs.com/Travel/demo/css/jquery-ui.min.css]
[ingenioushubs.com/Travel/demo/css/jquery.fancybox.min.html]
[ingenioushubs.com/Travel/demo/css/slick.css]
[ingenioushubs.com/Travel/demo/css/bootstrap.min.css]
[ingenioushubs.com/Travel/demo/images/sign-back.png]
[ingenioushubs.com/Travel/demo/images/banner-image.png]
[ingenioushubs.com/Travel/demo/images/cursor.png]
[ingenioushubs.com/Travel/demo/images/place-btn.png]
[ingenioushubs.com/Travel/demo/images/testimonial-bg.png]
[ingenioushubs.com/Travel/demo/images/news-bg.png]
[ingenioushubs.com/Travel/demo/images/footer-bg-image.jpg]
[ingenioushubs.com/Travel/demo/images/breadcram-bg.jpg]
[ingenioushubs.com/Travel/demo/images/404-bg.jpg]
[ingenioushubs.com/Travel/demo/images/leaf-left-top.png]
[ingenioushubs.com/Travel/demo/images/leaf-right-top.png]
[ingenioushubs.com/Travel/demo/images/leaf-left-bottom.png]
[ingenioushubs.com/Travel/demo/images/leaf-right-bottom.png]
[ingenioushubs.com/Travel/demo/css/style-1.css]
[ingenioushubs.com/Travel/demo/css/responsive-1.css]
[ingenioushubs.com/Travel/demo/popular.html]
[ingenioushubs.com/Travel/demo/images/blog-banner.jpg]
[ingenioushubs.com/Travel/demo/images/blog-imf.jpg]
[ingenioushubs.com/Travel/demo/images/blog-comment-1.jpg]
[ingenioushubs.com/Travel/demo/images/blog-comment-2.jpg]
[ingenioushubs.com/Travel/demo/images/blog-comment-3.jpg]
[ingenioushubs.com/Travel/demo/blog.html]
[ingenioushubs.com/Travel/demo/images/tour-package-4.jpg]
[ingenioushubs.com/Travel/demo/images/tour-package-5.jpg]
[ingenioushubs.com/Travel/demo/images/tour-package-6.jpg]
[ingenioushubs.com/Travel/demo/tourpackage.html]
[ingenioushubs.com/Travel/demo/images/about-image-3.jpg]
[ingenioushubs.com/Travel/demo/images/about-image-4.jpg]
[ingenioushubs.com/Travel/demo/about-us.html]
[ingenioushubs.com/Travel/demo/images/404.png]
[ingenioushubs.com/Travel/demo/404-page.html]
[ingenioushubs.com/Travel/demo/blog-details.html]
[ingenioushubs.com/Travel/demo/js/waypoints.min.html]
[ingenioushubs.com/Travel/demo/font/Flaticon.svg]
[ingenioushubs.com/Travel/demo/webfonts/fa-brands-400.html]
[ingenioushubs.com/Travel/demo/webfonts/fa-regular-400.html]
[ingenioushubs.com/Travel/demo/webfonts/fa-solid-900.html]
[ingenioushubs.com/Travel/images/msdropdown/skin1/dd_arrow.html]
[ingenioushubs.com/Travel/images/msdropdown/skin1/title-bg.html]
[ingenioushubs.com/Travel/demo/css/images/ui-icons_444444_256x240.html]
[ingenioushubs.com/Travel/demo/css/images/ui-icons_555555_256x240.html]
[ingenioushubs.com/Travel/demo/css/images/ui-icons_ffffff_256x240.html]
[ingenioushubs.com/Travel/demo/css/images/ui-icons_777620_256x240.html]
[ingenioushubs.com/Travel/demo/css/images/ui-icons_cc0000_256x240.html]
[ingenioushubs.com/Travel/demo/css/images/ui-icons_777777_256x240.html]
[ingenioushubs.com/Travel/demo/blog3.html]
[ingenioushubs.com/Travel/demo/js/jquery.fancybox.min.html]
